window     1280x720, GL 2.1 compatibility
assets     G:/recomp/tstorecomp/work/assets
jni        264 slots at 00007FF7668EF8D0, stubs 0x7ff766721f20..0x7ff766722f90
image      libscorpio.so at 000001C404A70000
imports    623 host functions, 147 satisfied by unlifted guest images, 6 unresolved
           still needed: SL_IID_ANDROIDCONFIGURATION SL_IID_ANDROIDSIMPLEBUFFERQUEUE SL_IID_ENGINE SL_IID_PLAY SL_IID_RECORD slCreateEngine

mapped images
  libc++_shared.so       0x000001c404110000 .. 0x000001c404211000  lifted
  libopenal.so           0x000001c404000000 .. 0x000001c40410f000  not lifted
  libNimble.so           0x000001c404240000 .. 0x000001c404252000  lifted
  libscorpio.so          0x000001c404a70000 .. 0x000001c406577000  lifted

running 1527 of 1527 static constructors
  ctor 1520 at 0x1762db0: access violation on read of 0 -- near null
  guest functions entered, most recent first:
    libNimble.so           +0x790  _ZN2EA6Nimble9findClassEPKc+0
    libscorpio.so          +0x19d04c0
    libscorpio.so          +0x19bde50
    libc++_shared.so       +0xecd30
    libc++_shared.so       +0xc33e8  _Znwm+0
    libc++_shared.so       +0xecb00
    libc++_shared.so       +0xc3484  _Znam+0
    libscorpio.so          +0x19bdde0
    libscorpio.so          +0x19bde50
    libc++_shared.so       +0xecd30
    libc++_shared.so       +0xc33e8  _Znwm+0
    libc++_shared.so       +0xecb00
    libc++_shared.so       +0xc3484  _Znam+0
    libscorpio.so          +0x19bdde0
    libscorpio.so          +0x17e5118  _ZN2EA6Nimble9JavaClassC2EPKciPS3_S4_iS4_S4_+0
    libscorpio.so          +0x19d0470
  guest registers:
     x0 =000001c404ddc129  x1 =000001c409590e60  x2 =0000000000010006  x3 =000001c40654a2c8
     x4 =000001c40654a2d8  x5 =0000000000000000  x6 =000001c406575130  x7 =000001c406575130
     x8 =0000000000000000  x9 =0000000000000000  x10=0000000000000001  x11=0000000000000000
     x12=0000000000000000  x13=0000000000000000  x14=00000000e6546b64  x15=00000000dff5bc85
     x16=000001c40653c3c8  x17=000001c404240790  x18=0000000000000000  x19=000001c404251000
     x20=000001c404ddc129  x21=0000000000000000  x22=000001c404ddc129  x23=000001c4042f40c0
     x24=0000000000000010  x25=000001c404317fe0  x26=0000000000000000  x27=0000000000000000
     x28=0000000000000000  x29=000001c409590ea0  x30=000001c4062551b8
     sp =000001c409590e60
  1524 ran, 0 trapped, 3 faulted

distinct fault addresses (1)
       3 x 000000000000000000  near null

first failures
  ctor 1520 at 0x1762db0: access violation on read of 0 -- near null
  ctor 1521 at 0x17c8e34: access violation on read of 0 -- near null
  ctor 1522 at 0x17e4668: access violation on read of 0 -- near null

JNI_OnLoad returned JNI version 0x10002

calling Java_com_bight_android_jni_BGCoreJNIBridge_init at 0x145ec50
  with 1 argument(s) after the environment and object
  JNI:
  162 JNI calls across these slots:
        12 x  slot   6  FindClass
        12 x  slot  21  NewGlobalRef
        31 x  slot  23  DeleteLocalRef
         1 x  slot  29  NewObjectV
        21 x  slot  31  GetObjectClass
         1 x  slot  33  GetMethodID
        21 x  slot  94  GetFieldID
        10 x  slot  95  GetObjectField
         1 x  slot  96  GetBooleanField
         9 x  slot 100  GetIntField
         1 x  slot 102  GetFloatField
        10 x  slot 164  GetStringLength
        10 x  slot 169  GetStringUTFChars
        10 x  slot 170  ReleaseStringUTFChars
         1 x  slot 219  GetJavaVM
        11 x  slot 262  GetEnv
  object fields asked for that nothing here answers:
    sdk_int screenOverride
  returned, x0 = 0

calling Java_com_bight_android_jni_BGCoreJNIBridge_OGLESInit at 0x145f9d4
  with 2 argument(s) after the environment and object
  JNI:
  162 JNI calls across these slots:
        12 x  slot   6  FindClass
        12 x  slot  21  NewGlobalRef
        31 x  slot  23  DeleteLocalRef
         1 x  slot  29  NewObjectV
        21 x  slot  31  GetObjectClass
         1 x  slot  33  GetMethodID
        21 x  slot  94  GetFieldID
        10 x  slot  95  GetObjectField
         1 x  slot  96  GetBooleanField
         9 x  slot 100  GetIntField
         1 x  slot 102  GetFloatField
        10 x  slot 164  GetStringLength
        10 x  slot 169  GetStringUTFChars
        10 x  slot 170  ReleaseStringUTFChars
         1 x  slot 219  GetJavaVM
        11 x  slot 262  GetEnv
  object fields asked for that nothing here answers:
    sdk_int screenOverride
  returned, x0 = 0x1

calling Java_com_bight_android_jni_BGCoreJNIBridge_OGLESResize at 0x145fa74
  with 2 argument(s) after the environment and object
  JNI:
  162 JNI calls across these slots:
        12 x  slot   6  FindClass
        12 x  slot  21  NewGlobalRef
        31 x  slot  23  DeleteLocalRef
         1 x  slot  29  NewObjectV
        21 x  slot  31  GetObjectClass
         1 x  slot  33  GetMethodID
        21 x  slot  94  GetFieldID
        10 x  slot  95  GetObjectField
         1 x  slot  96  GetBooleanField
         9 x  slot 100  GetIntField
         1 x  slot 102  GetFloatField
        10 x  slot 164  GetStringLength
        10 x  slot 169  GetStringUTFChars
        10 x  slot 170  ReleaseStringUTFChars
         1 x  slot 219  GetJavaVM
        11 x  slot 262  GetEnv
  object fields asked for that nothing here answers:
    sdk_int screenOverride
  returned, x0 = 0x1

calling Java_com_bight_android_jni_BGCoreJNIBridge_OGLESRender at 0x145facc
  JNI:
  162 JNI calls across these slots:
        12 x  slot   6  FindClass
        12 x  slot  21  NewGlobalRef
        31 x  slot  23  DeleteLocalRef
         1 x  slot  29  NewObjectV
        21 x  slot  31  GetObjectClass
         1 x  slot  33  GetMethodID
        21 x  slot  94  GetFieldID
        10 x  slot  95  GetObjectField
         1 x  slot  96  GetBooleanField
         9 x  slot 100  GetIntField
         1 x  slot 102  GetFloatField
        10 x  slot 164  GetStringLength
        10 x  slot 169  GetStringUTFChars
        10 x  slot 170  ReleaseStringUTFChars
         1 x  slot 219  GetJavaVM
        11 x  slot 262  GetEnv
  object fields asked for that nothing here answers:
    sdk_int screenOverride
  returned, x0 = 0x1c47e3ba7f0
